99
大众文艺在文化产业中，影视制作行业占据着不可替代的地
位，其发展不断受到新兴技术的深刻影响和推动。人工智
能（ AI）技术的兴起，尤其为影视制作领域带来了革命性
的创新与变革。自剧本创作阶段起，至后期特效制作，再
到影片的智能剪辑以及智能音频处理等关键环节，人工智
能（ AI）技术均产生了显著的影响。在这一背景下，高等
职业教育作为培养影视制作领域实用型人才的核心阵地，
其重要性愈发凸显。为了顺应这一变革趋势，高等职业教
育亟须将人工智能（ AI）技术整合进教学体系，此举不仅
能够增强学生的就业竞争力，还能促进其创新思维与能力
的培养。
一、人工智能（AI）技术在影视制作中的应用现状
（一）生成式人工智能（ AI）技术提升剧本创作效率
在当前迅速演进的时代背景下，先进的生成式 AI系统
不仅具备了根据用户输入的关键词或故事梗概生成初步剧
本内容的能力，而且它们还能够通过深度分析和学习大量
已有的成功剧本，总结出各种情节模式、人物关系构建方
式以及叙事技巧等。尽管这些通过人工智能（ AI）技术生
成的剧本在创意深度和艺术性上可能存在一定的局限性，
但它们无疑为剧本创作者提供了一种全新的灵感启发方
式，帮助创作者在创作过程中获得更多的灵感和创意[1]。
（二）人工智能（ AI）剪辑技术推动非线性编辑方式
革新
随着人工智能（ AI）技术的持续发展，一系列具备智能运算能力的影视剪辑软件应运而生，例如由笔者开发的
“智能视频剪辑助手平台 V1.0”。这些 AI影视剪辑系统所
搭载的 AI算法，已经能够识别视频中的场景转换点、关键
画面以及人物动作等关键元素。通过深度学习和模式识别
技术，这些算法能够解析视频内容的结构和语义信息，进
而依据预先设定的编辑规则自动执行剪辑任务。该过程不
仅提升了视频编辑的效率，还确保了内容的连贯性和观赏
性。一些先进的智能剪辑软件甚至能够依据音乐节奏自动
匹配视频片段，使得剪辑出的视频作品更加生动且具有节
奏感。此外，智能剪辑软件亦可依据脚本文案中的关键词
匹配网络视频素材，显著减少了剪辑师在庞大素材库中检
索素材所需的时间。
（三）生成式人工智能（ AI）视频技术提升视觉特效
质量与效果
在电影特效领域，人工智能（ AI）技术通过运用先进
的生成技术，能够创造出逼真的虚拟场景和角色形象，这
些虚拟元素在视觉效果上几乎与真实拍摄无异，为电影和
电视剧的视觉效果带来了无限的创新可能。此外，人工智
能（ AI）技术降低了视频特效的制作成本，使此前需要大
量经费和专业设备才能完成的视觉效果得以呈现在观众面
前，提升了影视作品的视觉特效质量和效果。随着技术的
持续发展，高职院校影视制作类专业教研团队可以预见，
在未来，人工智能（ AI）技术将在电影特效领域扮演更加
关键的角色，为观众带来更加震撼的视觉盛宴[2]。高职影视制作课程中的AI技术教学探析
霍佳斌
（河北艺术职业学院,河北石家庄 050011）
摘要：人工智能（AI）技术迅猛发展，在影视制作领域的应用日益广泛且深入。研究旨
在深入探讨将人工智能（AI）技术教学融入高职影视制作课程的必要性、所面临的挑战以及相
应的教学策略。通过细致分析当前高职院校影视制作课程的现状以及人工智能（AI）技术的发
展趋势，研究旨在提出一系列切实可行的建议和方案。这些方案旨在提升高职影视制作相关专
业人才的培养质量，确保他们能够更加有效地适应影视行业不断变化和发展的需求，从而在未
来的职场竞争中占据有利位置。
关键词 ：人工智能；高职教育；影视制作
中图分类号 ：G712            文献标识码 ：A           文章编号 ：1007-5828(2025)14-0099-03
DOI:10.20112/j.cnki.ISSN1007-5828.2025.14.033·艺术学与艺术教育研究 ·

100
大众文艺（四）人工智能（ AI）音频技术提升影视作品声音创
作的丰富性
人工智能（ AI）音频技术具备执行多样化智能音频处
理功能的能力，涵盖智能降噪、音频分离及自动混音等。
通过深度学习与大量音频样本的分析，人工智能模型已展
现出卓越的声源识别能力，能够精确区分人类语音、各
类乐器声音以及环境噪声等多种声音类型。这种精准的
声源辨识能力赋予了人工智能针对性音频处理的能力，
显著提升了音频文件的质量。此外，诸如 Suno AI等生成
式人工智能音频模型，能够根据创作需求生成多样化的
音乐和歌曲。同时，一些人工智能音频工具能够根据用
户需求，创作出具有不同音色和地域方言的语音，极大
地丰富了影视作品中的人声配音。人工智能（ AI）技术
在改善音乐作品的听觉体验和提升语音通话清晰度方面
发挥着日益重要的作用，其在音频处理领域的应用前景广
阔，潜力巨大[3]。
二、高职影视制作课程中引入人工智能（AI）技术教
学的意义
（一）增强学生的就业市场竞争力
高等职业院校和教育机构的毕业生往往投身于各类
应用型职业岗位，其专业技能的应用能力直接决定了他们
在就业市场中的竞争力。随着影视制作行业的迅猛发展，
众多影视传媒行业的企业和单位开始将人工智能（ AI）技
术融入其生产流程。对于那些掌握了人工智能（ AI）技术
的高等职业院校毕业生而言，在求职市场上他们将具备显
著的竞争优势。这些毕业生能够迅速适应企业的现代化工
作流程，他们除了可以运用 AI辅助工具来提高视频剪辑
的效率，以及增强特效制作的效果，还能够通过人工智能
（AI）技术进行数据分析，优化内容分发策略，甚至参与
到智能内容创作中，这些能力都使得他们在就业市场上更
加抢手。因此，高等职业教育机构在培养学生时，应注重
加强人工智能（ AI）技术的教学，以提高学生的就业竞争
力，帮助他们在未来的职业生涯中取得成功。
（二）激发学生的创新思维
受限于学历层次，高等职业院校与教育机构的学生在
学习能力、思维能力以及学习习惯等方面相较于本科及以
上院校学生通常存在一定差距。这一现象在影视作品创作
过程中尤为明显，高职学生在将个人想法与思维转化为影
视作品方面的能力相对较弱，导致其产出的作品质量亦有
所不足。然而，人工智能（ AI）技术的引入为影视制作领
域带来了创新的创作方法与创意源泉。高职学生在学习和
掌握人工智能（ AI）技术的过程中，能够有效地弥补其在
创意思维方面的不足，探索将传统影视制作技术与 AI技术
相结合的新路径，进而创作出具有独特性的影视作品。笔
者指导学生设立的“观山海文化创意工作室”项目，通过
利用人工智能（ AI）技术生成的特殊视觉效果与中国传统
文化元素的融合，创作出具有创新性的影视作品，并在由
河北团省委、省教育厅、省人社厅、省科协、省学联、保
定市政府联合举办的第十四届“挑战杯”河北省大学生创
业计划竞赛中荣获佳绩。（三）顺应影视制作行业发展潮流
随着科技的持续发展，影视制作产业正经历一场深刻
的转型，逐步向智能化和高效化方向迈进。在此过程中，
关键环节如剧本创作、场景拍摄、剪辑制作以及音视频后
期处理等，均经历着技术革新与更新换代。技术变革不仅
体现在软硬件设备的迭代上，更深刻地影响着整个产业的
运作模式和生产效率。因此，影视制作产业是一个持续进
步、不断自我革新的领域。基于此，高等职业教育机构应
紧跟影视制作产业的发展步伐，及时将人工智能（ AI）技
术的教学内容融入影视制作相关课程体系中，以培养能够
满足行业未来需求的高素质专业人才[4]。
三、高职影视制作课程中人工智能（AI）技术教学面
临的挑战
（一）师资力量不足
鉴于人工智能（ AI）技术的研发和普及运用的时间相
对较短，目前这一领域尚未发展成为一个成熟且完善的专
业学科。在众多高职院校的影视制作专业中，教师的知识
结构往往更倾向于传统的影视制作技术，特别是教学经验
丰富、教龄较长的中老年教师，其对于人工智能（ AI）技
术的了解和掌握相对有限。此外，即便在高职影视制作类
专业课程中尝试融入人工智能（ AI）技术的教学内容，教
师们自身的学科背景和研究方向也与人工智能（ AI）技术
本身存在一定的差异。而将人工智能（ AI）技术应用于影
视制作，需要掌握的技术难点比单纯的文字、图片类生成
更为复杂，也更需要专业的经验积累和技术支持。因此，
在高职影视制作课程中开展人工智能（ AI）技术的教学目
前仍然面临教师缺口的问题，缺乏能够深入讲解人工智能
（AI）技术原理并指导学生在影视制作中有效应用这些技
术的教师。
（二）教材资源匮乏
在当前的高等职业教育领域，笔者发现了一个显著的
问题，即专门针对高等职业院校影视制作课程与人工智能
（AI）技术融合的教材数量极为有限。这一现象的产生，
主要由两个方面的原因导致。首先，影视制作类课程的教
材通常具有其独特的学科特性，现有的教材往往倾向于两
个极端：一部分是深入探讨传统的影视制作流程和技术，
一部分是全聚焦于人工智能（ AI）技术的理论和应用，而
很少有教材能够将这两者有机地结合起来。这种缺乏整合
的教材内容，对于学生来说，难以形成一个全面且系统的
知识体系，从而影响了他们的学习效果和对知识的深入理
解。其次，随着生成式 AI视频技术的快速发展，国内外众
多AI视频创作平台在算力、功能特点以及生成视频的质
量上都在不断进步和变化，这些技术的更新换代速度非常
快。而教材的编写和出版通常需要一个较长的周期，这使
得教材内容很难及时跟上技术革新的步伐。因此，目前在
影视制作类课程中，关于人工智能（ AI）技术的教学主要
依赖于 AI平台提供的功能介绍以及通过自媒体平台进行的
人工智能（ AI）技术应用者之间的交流和分享。鉴于上述
的挑战和限制，可以预见，在未来一段时间内，高等职业
影视制作课程中人工智能（ AI）技术教学的教材匮乏现象·艺术学与艺术教育研究 ·

101
大众文艺仍将持续存在。
（三）硬件条件存在局限
人工智能（ AI）技术的应用通常依赖于强大的计算资
源，例如深度学习模型的运行，用于图像识别和特效制作
等任务。然而，高等职业院校可能因资金限制而无法购置
足够数量的高性能计算机设备以满足教学需求。其次，部
分视频生成类 AI创作平台依赖于国外的模型，其运行依
赖于境外网络环境，受到我国网络法律和政策的限制，
导致校园网络环境下师生无法访问和使用这些海外人工
智能模型。此外，相较于图文类 AI创作平台，国内外视
频类 AI创作平台在算力购买上的成本较高。特别是在课
堂环境中，学生进行视频制作实训时需要大量的成片素
材，这导致了巨大的算力消耗。因此，高昂的 AI创作平
台使用成本超出了学院及师生的经济承受范围，从而限
制了人工智能（ AI）技术在高职影视制作课程教学中的应
用。
四、高职影视制作课程中人工智能（AI）技术教学策略
（一）提升高职影视制作类专业的师资力量
为增进教师团队的专业素养与技能水平，高等职业院
校应筹划并实施一系列与人工智能（ AI）视频生成技术相
关的专业培训。这些培训课程应包含人工智能（ AI）技术
的基础理论知识，以及将通用人工智能（ AI）算法应用于
影视制作的实践方法。同时，高等职业技术院校应激励教
师积极参与人工智能（ AI）影视制作领域的科研项目与企
业合作项目，以实践提升其研究与应用能力，进而更有效
地将科研成果融入教学活动。
为丰富教学资源并提升教学品质，高等职业院校宜引
进具备人工智能（ AI）技术背景及丰富影视制作经验的双
师型教师。双师型教师能够传授专业知识，并将行业最新动
态与实践经验带入课堂，为学生提供更符合实际需求、更具
前瞻性的知识体系。新技能教师的加入将显著增强教师队伍
的综合实力，为学生带来更全面和深入的学习体验。
（二）开发适合高职教育的影视制作教材
一方面，高职院校影视制作类专业的教学研究团队
应与企业专家及教育学者携手合作，共同编纂教材。该教
材内容需全面，涵盖人工智能（ AI）技术的基础理论，并
深入分析 AI在影视制作各关键环节中的应用实例。此外，
为有效指导学生实践操作，教材应包含详尽的操作指导内
容，促进学生将理论知识与实际操作相结合。
另一方面，高职院校影视制作类专业的教学研究团队
可在传统教材中增设人工智能（ AI）技术案例分析模块。
通过精选具有典型意义的影视制作案例，教材应详细阐释
这些案例中人工智能（ AI）技术的应用策略，包括技术选
择、操作流程及最终效果。此类案例分析能帮助学生更深
入地理解 AI技术在影视作品制作中的实际应用，为他们未
来的职业发展奠定坚实基础[5]。
（三）改善硬件设施以促进教学和研究的发展
为持续提升教学品质与学生学习体验，高等职业院校
中影视制作相关专业的教学研究团队亟须加强对教学设施
的投入。具体而言，硬件设施的提升不仅能显著增强师生
在人工智能（ AI）技术领域的实操能力，亦能吸引更多优秀人才加入高等职业院校影视制作相关专业的学术团队，
形成良性循环，推动学术研究与教学质量的持续提升。
高等职业院校影视制作相关专业的教学研究团队亦应
积极探索云计算平台的教学模式。通过与云计算服务提供
商合作，利用其强大的计算资源，使学生能够在云端执行
AI计算任务，从而降低硬件成本并提升设备的可扩展性。
此外，云计算平台教学模式能促进资源共享，使学生能够
接触到更多元化的学习材料与先进人工智能（ AI）技术，
拓宽视野。
（四）深化校企合作，促进产教融合
为促进高等职业教育中影视制作专业的教学品质与学
生实践技能的提升，高等职业院校应深化与国内先进人工
智能（ AI）平台的合作。此类合作将使学生得以直接接触
国内尖端的人工智能技术，拓展其视野并强化技术应用能
力。进一步而言，校企合作的深化有助于降低教学过程中
人工智能技术应用的成本，并有效缓解高职院校在算力资
源方面的经济压力。紧密的校企合作将为师生提供更为丰
富和高效的教学资源，推动人工智能（ AI）技术在高等职
业教育影视制作教学领域的普及，并显著提高教学成效。
五、结论
当今时代，将人工智能（ AI）技术融入高职院校的
影视制作课程中，已经成为高职教育影视制作类专业发展
的必然趋势。尽管在这一过程中，高职院校面临师资力量
不足、教材资源匮乏以及硬件设施不完善等多重挑战，但
通过一系列切实可行的教学策略，如加强师资队伍的专业
培训、开发与 AI技术相结合的高质量教材，以及不断改善
和升级教学所需的硬件条件，高职院校能够有效地提高高
职影视制作专业学生的综合素质和职业技能。此外，重视
实践教学环节，让学生在实际操作中掌握知识和技能，将
有助于培养出更多能够适应影视制作行业智能化发展趋势
的高素质应用型人才。这样的教育改革不仅能满足行业对
人才的需求，还能推动整个影视制作行业的持续创新和发
展，为社会培养出更多具有创新精神和实践能力的优秀人
才。
参考文献：
[1]王振威.人工智能在影视剧本创作中的应用探究[J].新闻研
究导刊,2024,15(19):284-288.
[2]巴晓.人工智能技术在影视特效设计中的应用研究[J].影视
制作,2024,30(12):47-51.
[3]张军.智慧教育视阈下影视声音创作的发展诉求与创新路
径[J].时代报告(奔流),2024,(11):32-34.
[4]李伟.智媒时代应用型影视人才培养新思考[J].中国广播电
视学刊,2024,(09):64-67.
[5]陈书泱.新技术集群环境下高校影视摄制类专业创新型教
材体系优化建构的推进路径研究[J].新闻研究导刊,2024,15
(16):151-155.
作者简介：
霍佳斌（1989- ），男，汉族，籍贯：河北衡水，大
学本科，讲师，研究方向：数 字媒体艺术。·艺术学与艺术教育研究 ·

